[1/32] cl /c /Zc:__cplusplus /Zp8 /GR /W3 /EHs /nologo /MD /D_CRT_SECURE_NO_DEPRECATE /D_SCL_SECURE_NO_DEPRECATE /D_SECURE_SCL=0   /DMATLAB_MEX_FILE  /DMATLAB_MEX_FILE /O2 /Oy- /DNDEBUG /fp:strict /utf-8 /I "." /I "D:\CM Labs\subTetherVortexMATLAB\codeForMRAC_STParamStudy" /I ".\interface" /I "C:\Program Files\MATLAB\R2024b\extern\include" /I "." -DHAVE_LAPACK_CONFIG_H -DLAPACK_COMPLEX_STRUCTURE -DMW_HAVE_LAPACK_DECLS -DMODEL=stateDeriv_withGrav_LiamSet_Unified_args_mex   stateDeriv_withGrav_LiamSet_Unified_args_data.c /Fobuild\win64\stateDeriv_withGrav_LiamSet_Unified_args_data.obj
stateDeriv_withGrav_LiamSet_Unified_args_data.c
[2/32] cl /c /Zc:__cplusplus /Zp8 /GR /W3 /EHs /nologo /MD /D_CRT_SECURE_NO_DEPRECATE /D_SCL_SECURE_NO_DEPRECATE /D_SECURE_SCL=0   /DMATLAB_MEX_FILE  /DMATLAB_MEX_FILE /O2 /Oy- /DNDEBUG /fp:strict /utf-8 /I "." /I "D:\CM Labs\subTetherVortexMATLAB\codeForMRAC_STParamStudy" /I ".\interface" /I "C:\Program Files\MATLAB\R2024b\extern\include" /I "." -DHAVE_LAPACK_CONFIG_H -DLAPACK_COMPLEX_STRUCTURE -DMW_HAVE_LAPACK_DECLS -DMODEL=stateDeriv_withGrav_LiamSet_Unified_args_mex   rt_nonfinite.c /Fobuild\win64\rt_nonfinite.obj
rt_nonfinite.c
[3/32] cl /c /Zc:__cplusplus /Zp8 /GR /W3 /EHs /nologo /MD /D_CRT_SECURE_NO_DEPRECATE /D_SCL_SECURE_NO_DEPRECATE /D_SECURE_SCL=0   /DMATLAB_MEX_FILE  /DMATLAB_MEX_FILE /O2 /Oy- /DNDEBUG /fp:strict /utf-8 /I "." /I "D:\CM Labs\subTetherVortexMATLAB\codeForMRAC_STParamStudy" /I ".\interface" /I "C:\Program Files\MATLAB\R2024b\extern\include" /I "." -DHAVE_LAPACK_CONFIG_H -DLAPACK_COMPLEX_STRUCTURE -DMW_HAVE_LAPACK_DECLS -DMODEL=stateDeriv_withGrav_LiamSet_Unified_args_mex   assertCompatibleDims.c /Fobuild\win64\assertCompatibleDims.obj
assertCompatibleDims.c
[4/32] cl /c /Zc:__cplusplus /Zp8 /GR /W3 /EHs /nologo /MD /D_CRT_SECURE_NO_DEPRECATE /D_SCL_SECURE_NO_DEPRECATE /D_SECURE_SCL=0   /DMATLAB_MEX_FILE  /DMATLAB_MEX_FILE /O2 /Oy- /DNDEBUG /fp:strict /utf-8 /I "." /I "D:\CM Labs\subTetherVortexMATLAB\codeForMRAC_STParamStudy" /I ".\interface" /I "C:\Program Files\MATLAB\R2024b\extern\include" /I "." -DHAVE_LAPACK_CONFIG_H -DLAPACK_COMPLEX_STRUCTURE -DMW_HAVE_LAPACK_DECLS -DMODEL=stateDeriv_withGrav_LiamSet_Unified_args_mex   stateDeriv_withGrav_LiamSet_Unified_args_initialize.c /Fobuild\win64\stateDeriv_withGrav_LiamSet_Unified_args_initialize.obj
stateDeriv_withGrav_LiamSet_Unified_args_initialize.c
[5/32] cl /c /Zc:__cplusplus /Zp8 /GR /W3 /EHs /nologo /MD /D_CRT_SECURE_NO_DEPRECATE /D_SCL_SECURE_NO_DEPRECATE /D_SECURE_SCL=0   /DMATLAB_MEX_FILE  /DMATLAB_MEX_FILE /O2 /Oy- /DNDEBUG /fp:strict /utf-8 /I "." /I "D:\CM Labs\subTetherVortexMATLAB\codeForMRAC_STParamStudy" /I ".\interface" /I "C:\Program Files\MATLAB\R2024b\extern\include" /I "." -DHAVE_LAPACK_CONFIG_H -DLAPACK_COMPLEX_STRUCTURE -DMW_HAVE_LAPACK_DECLS -DMODEL=stateDeriv_withGrav_LiamSet_Unified_args_mex   dot.c /Fobuild\win64\dot.obj
dot.c
[6/32] cl /c /Zc:__cplusplus /Zp8 /GR /W3 /EHs /nologo /MD /D_CRT_SECURE_NO_DEPRECATE /D_SCL_SECURE_NO_DEPRECATE /D_SECURE_SCL=0   /DMATLAB_MEX_FILE  /DMATLAB_MEX_FILE /O2 /Oy- /DNDEBUG /fp:strict /utf-8 /I "." /I "D:\CM Labs\subTetherVortexMATLAB\codeForMRAC_STParamStudy" /I ".\interface" /I "C:\Program Files\MATLAB\R2024b\extern\include" /I "." -DHAVE_LAPACK_CONFIG_H -DLAPACK_COMPLEX_STRUCTURE -DMW_HAVE_LAPACK_DECLS -DMODEL=stateDeriv_withGrav_LiamSet_Unified_args_mex   stateDeriv_withGrav_LiamSet_Unified_args_terminate.c /Fobuild\win64\stateDeriv_withGrav_LiamSet_Unified_args_terminate.obj
stateDeriv_withGrav_LiamSet_Unified_args_terminate.c
[7/32] cl /c /Zc:__cplusplus /Zp8 /GR /W3 /EHs /nologo /MD /D_CRT_SECURE_NO_DEPRECATE /D_SCL_SECURE_NO_DEPRECATE /D_SECURE_SCL=0   /DMATLAB_MEX_FILE  /DMATLAB_MEX_FILE /O2 /Oy- /DNDEBUG /fp:strict /utf-8 /I "." /I "D:\CM Labs\subTetherVortexMATLAB\codeForMRAC_STParamStudy" /I ".\interface" /I "C:\Program Files\MATLAB\R2024b\extern\include" /I "." -DHAVE_LAPACK_CONFIG_H -DLAPACK_COMPLEX_STRUCTURE -DMW_HAVE_LAPACK_DECLS -DMODEL=stateDeriv_withGrav_LiamSet_Unified_args_mex   anyNonFinite.c /Fobuild\win64\anyNonFinite.obj
anyNonFinite.c
[8/32] cl /c /Zc:__cplusplus /Zp8 /GR /W3 /EHs /nologo /MD /D_CRT_SECURE_NO_DEPRECATE /D_SCL_SECURE_NO_DEPRECATE /D_SECURE_SCL=0   /DMATLAB_MEX_FILE  /DMATLAB_MEX_FILE /O2 /Oy- /DNDEBUG /fp:strict /utf-8 /I "." /I "D:\CM Labs\subTetherVortexMATLAB\codeForMRAC_STParamStudy" /I ".\interface" /I "C:\Program Files\MATLAB\R2024b\extern\include" /I "." -DHAVE_LAPACK_CONFIG_H -DLAPACK_COMPLEX_STRUCTURE -DMW_HAVE_LAPACK_DECLS -DMODEL=stateDeriv_withGrav_LiamSet_Unified_args_mex   sumMatrixIncludeNaN.c /Fobuild\win64\sumMatrixIncludeNaN.obj
sumMatrixIncludeNaN.c
[9/32] cl /c /Zc:__cplusplus /Zp8 /GR /W3 /EHs /nologo /MD /D_CRT_SECURE_NO_DEPRECATE /D_SCL_SECURE_NO_DEPRECATE /D_SECURE_SCL=0   /DMATLAB_MEX_FILE  /DMATLAB_MEX_FILE /O2 /Oy- /DNDEBUG /fp:strict /utf-8 /I "." /I "D:\CM Labs\subTetherVortexMATLAB\codeForMRAC_STParamStudy" /I ".\interface" /I "C:\Program Files\MATLAB\R2024b\extern\include" /I "." -DHAVE_LAPACK_CONFIG_H -DLAPACK_COMPLEX_STRUCTURE -DMW_HAVE_LAPACK_DECLS -DMODEL=stateDeriv_withGrav_LiamSet_Unified_args_mex   norm.c /Fobuild\win64\norm.obj
norm.c
[10/32] cl /c /Zc:__cplusplus /Zp8 /GR /W3 /EHs /nologo /MD /D_CRT_SECURE_NO_DEPRECATE /D_SCL_SECURE_NO_DEPRECATE /D_SECURE_SCL=0   /DMATLAB_MEX_FILE  /DMATLAB_MEX_FILE /O2 /Oy- /DNDEBUG /fp:strict /utf-8 /I "." /I "D:\CM Labs\subTetherVortexMATLAB\codeForMRAC_STParamStudy" /I ".\interface" /I "C:\Program Files\MATLAB\R2024b\extern\include" /I "." -DHAVE_LAPACK_CONFIG_H -DLAPACK_COMPLEX_STRUCTURE -DMW_HAVE_LAPACK_DECLS -DMODEL=stateDeriv_withGrav_LiamSet_Unified_args_mex   sum.c /Fobuild\win64\sum.obj
sum.c
[11/32] cl /c /Zc:__cplusplus /Zp8 /GR /W3 /EHs /nologo /MD /D_CRT_SECURE_NO_DEPRECATE /D_SCL_SECURE_NO_DEPRECATE /D_SECURE_SCL=0   /DMATLAB_MEX_FILE  /DMATLAB_MEX_FILE /O2 /Oy- /DNDEBUG /fp:strict /utf-8 /I "." /I "D:\CM Labs\subTetherVortexMATLAB\codeForMRAC_STParamStudy" /I ".\interface" /I "C:\Program Files\MATLAB\R2024b\extern\include" /I "." -DHAVE_LAPACK_CONFIG_H -DLAPACK_COMPLEX_STRUCTURE -DMW_HAVE_LAPACK_DECLS -DMODEL=stateDeriv_withGrav_LiamSet_Unified_args_mex   xnrm2.c /Fobuild\win64\xnrm2.obj
xnrm2.c
[12/32] cl /c /Zc:__cplusplus /Zp8 /GR /W3 /EHs /nologo /MD /D_CRT_SECURE_NO_DEPRECATE /D_SCL_SECURE_NO_DEPRECATE /D_SECURE_SCL=0   /DMATLAB_MEX_FILE  /DMATLAB_MEX_FILE /O2 /Oy- /DNDEBUG /fp:strict /utf-8 /I "." /I "D:\CM Labs\subTetherVortexMATLAB\codeForMRAC_STParamStudy" /I ".\interface" /I "C:\Program Files\MATLAB\R2024b\extern\include" /I "." -DHAVE_LAPACK_CONFIG_H -DLAPACK_COMPLEX_STRUCTURE -DMW_HAVE_LAPACK_DECLS -DMODEL=stateDeriv_withGrav_LiamSet_Unified_args_mex   warning.c /Fobuild\win64\warning.obj
warning.c
[13/32] cl /c /Zc:__cplusplus /Zp8 /GR /W3 /EHs /nologo /MD /D_CRT_SECURE_NO_DEPRECATE /D_SCL_SECURE_NO_DEPRECATE /D_SECURE_SCL=0   /DMATLAB_MEX_FILE  /DMATLAB_MEX_FILE /O2 /Oy- /DNDEBUG /fp:strict /utf-8 /I "." /I "D:\CM Labs\subTetherVortexMATLAB\codeForMRAC_STParamStudy" /I ".\interface" /I "C:\Program Files\MATLAB\R2024b\extern\include" /I "." -DHAVE_LAPACK_CONFIG_H -DLAPACK_COMPLEX_STRUCTURE -DMW_HAVE_LAPACK_DECLS -DMODEL=stateDeriv_withGrav_LiamSet_Unified_args_mex   mldivide.c /Fobuild\win64\mldivide.obj
mldivide.c
[14/32] cl /c /Zc:__cplusplus /Zp8 /GR /W3 /EHs /nologo /MD /D_CRT_SECURE_NO_DEPRECATE /D_SCL_SECURE_NO_DEPRECATE /D_SECURE_SCL=0   /DMATLAB_MEX_FILE  /DMATLAB_MEX_FILE /O2 /Oy- /DNDEBUG /fp:strict /utf-8 /I "." /I "D:\CM Labs\subTetherVortexMATLAB\codeForMRAC_STParamStudy" /I ".\interface" /I "C:\Program Files\MATLAB\R2024b\extern\include" /I "." -DHAVE_LAPACK_CONFIG_H -DLAPACK_COMPLEX_STRUCTURE -DMW_HAVE_LAPACK_DECLS -DMODEL=stateDeriv_withGrav_LiamSet_Unified_args_mex   xscal.c /Fobuild\win64\xscal.obj
xscal.c
[15/32] cl /c /Zc:__cplusplus /Zp8 /GR /W3 /EHs /nologo /MD /D_CRT_SECURE_NO_DEPRECATE /D_SCL_SECURE_NO_DEPRECATE /D_SECURE_SCL=0   /DMATLAB_MEX_FILE  /DMATLAB_MEX_FILE /O2 /Oy- /DNDEBUG /fp:strict /utf-8 /I "." /I "D:\CM Labs\subTetherVortexMATLAB\codeForMRAC_STParamStudy" /I ".\interface" /I "C:\Program Files\MATLAB\R2024b\extern\include" /I "." -DHAVE_LAPACK_CONFIG_H -DLAPACK_COMPLEX_STRUCTURE -DMW_HAVE_LAPACK_DECLS -DMODEL=stateDeriv_withGrav_LiamSet_Unified_args_mex   calculateAdaptiveControl_Unified.c /Fobuild\win64\calculateAdaptiveControl_Unified.obj
calculateAdaptiveControl_Unified.c
[16/32] cl /c /Zc:__cplusplus /Zp8 /GR /W3 /EHs /nologo /MD /D_CRT_SECURE_NO_DEPRECATE /D_SCL_SECURE_NO_DEPRECATE /D_SECURE_SCL=0   /DMATLAB_MEX_FILE  /DMATLAB_MEX_FILE /O2 /Oy- /DNDEBUG /fp:strict /utf-8 /I "." /I "D:\CM Labs\subTetherVortexMATLAB\codeForMRAC_STParamStudy" /I ".\interface" /I "C:\Program Files\MATLAB\R2024b\extern\include" /I "." -DHAVE_LAPACK_CONFIG_H -DLAPACK_COMPLEX_STRUCTURE -DMW_HAVE_LAPACK_DECLS -DMODEL=stateDeriv_withGrav_LiamSet_Unified_args_mex   rotm2quat.c /Fobuild\win64\rotm2quat.obj
rotm2quat.c
[17/32] cl /c /Zc:__cplusplus /Zp8 /GR /W3 /EHs /nologo /MD /D_CRT_SECURE_NO_DEPRECATE /D_SCL_SECURE_NO_DEPRECATE /D_SECURE_SCL=0   /DMATLAB_MEX_FILE  /DMATLAB_MEX_FILE /O2 /Oy- /DNDEBUG /fp:strict /utf-8 /I "." /I "D:\CM Labs\subTetherVortexMATLAB\codeForMRAC_STParamStudy" /I ".\interface" /I "C:\Program Files\MATLAB\R2024b\extern\include" /I "." -DHAVE_LAPACK_CONFIG_H -DLAPACK_COMPLEX_STRUCTURE -DMW_HAVE_LAPACK_DECLS -DMODEL=stateDeriv_withGrav_LiamSet_Unified_args_mex   schur.c /Fobuild\win64\schur.obj
schur.c
[18/32] cl /c /Zc:__cplusplus /Zp8 /GR /W3 /EHs /nologo /MD /D_CRT_SECURE_NO_DEPRECATE /D_SCL_SECURE_NO_DEPRECATE /D_SECURE_SCL=0   /DMATLAB_MEX_FILE  /DMATLAB_MEX_FILE /O2 /Oy- /DNDEBUG /fp:strict /utf-8 /I "." /I "D:\CM Labs\subTetherVortexMATLAB\codeForMRAC_STParamStudy" /I ".\interface" /I "C:\Program Files\MATLAB\R2024b\extern\include" /I "." -DHAVE_LAPACK_CONFIG_H -DLAPACK_COMPLEX_STRUCTURE -DMW_HAVE_LAPACK_DECLS -DMODEL=stateDeriv_withGrav_LiamSet_Unified_args_mex   xrot.c /Fobuild\win64\xrot.obj
xrot.c
[19/32] cl /c /Zc:__cplusplus /Zp8 /GR /W3 /EHs /nologo /MD /D_CRT_SECURE_NO_DEPRECATE /D_SCL_SECURE_NO_DEPRECATE /D_SECURE_SCL=0   /DMATLAB_MEX_FILE  /DMATLAB_MEX_FILE /O2 /Oy- /DNDEBUG /fp:strict /utf-8 /I "." /I "D:\CM Labs\subTetherVortexMATLAB\codeForMRAC_STParamStudy" /I ".\interface" /I "C:\Program Files\MATLAB\R2024b\extern\include" /I "." -DHAVE_LAPACK_CONFIG_H -DLAPACK_COMPLEX_STRUCTURE -DMW_HAVE_LAPACK_DECLS -DMODEL=stateDeriv_withGrav_LiamSet_Unified_args_mex   eml_int_forloop_overflow_check.c /Fobuild\win64\eml_int_forloop_overflow_check.obj
eml_int_forloop_overflow_check.c
[20/32] cl /c /Zc:__cplusplus /Zp8 /GR /W3 /EHs /nologo /MD /D_CRT_SECURE_NO_DEPRECATE /D_SCL_SECURE_NO_DEPRECATE /D_SECURE_SCL=0   /DMATLAB_MEX_FILE  /DMATLAB_MEX_FILE /O2 /Oy- /DNDEBUG /fp:strict /utf-8 /I "." /I "D:\CM Labs\subTetherVortexMATLAB\codeForMRAC_STParamStudy" /I ".\interface" /I "C:\Program Files\MATLAB\R2024b\extern\include" /I "." -DHAVE_LAPACK_CONFIG_H -DLAPACK_COMPLEX_STRUCTURE -DMW_HAVE_LAPACK_DECLS -DMODEL=stateDeriv_withGrav_LiamSet_Unified_args_mex   interface\_coder_stateDeriv_withGrav_LiamSet_Unified_args_mex.c /Fobuild\win64\_coder_stateDeriv_withGrav_LiamSet_Unified_args_mex.obj
_coder_stateDeriv_withGrav_LiamSet_Unified_args_mex.c
[21/32] cl /c /Zc:__cplusplus /Zp8 /GR /W3 /EHs /nologo /MD /D_CRT_SECURE_NO_DEPRECATE /D_SCL_SECURE_NO_DEPRECATE /D_SECURE_SCL=0   /DMATLAB_MEX_FILE  /DMATLAB_MEX_FILE /O2 /Oy- /DNDEBUG /fp:strict /utf-8 /I "." /I "D:\CM Labs\subTetherVortexMATLAB\codeForMRAC_STParamStudy" /I ".\interface" /I "C:\Program Files\MATLAB\R2024b\extern\include" /I "." -DHAVE_LAPACK_CONFIG_H -DLAPACK_COMPLEX_STRUCTURE -DMW_HAVE_LAPACK_DECLS -DMODEL=stateDeriv_withGrav_LiamSet_Unified_args_mex   stateDeriv_withGrav_LiamSet_Unified_args_emxutil.c /Fobuild\win64\stateDeriv_withGrav_LiamSet_Unified_args_emxutil.obj
stateDeriv_withGrav_LiamSet_Unified_args_emxutil.c
[22/32] cl /c /Zc:__cplusplus /Zp8 /GR /W3 /EHs /nologo /MD /D_CRT_SECURE_NO_DEPRECATE /D_SCL_SECURE_NO_DEPRECATE /D_SECURE_SCL=0   /DMATLAB_MEX_FILE  /DMATLAB_MEX_FILE /O2 /Oy- /DNDEBUG /fp:strict /utf-8 /I "." /I "D:\CM Labs\subTetherVortexMATLAB\codeForMRAC_STParamStudy" /I ".\interface" /I "C:\Program Files\MATLAB\R2024b\extern\include" /I "." -DHAVE_LAPACK_CONFIG_H -DLAPACK_COMPLEX_STRUCTURE -DMW_HAVE_LAPACK_DECLS -DMODEL=stateDeriv_withGrav_LiamSet_Unified_args_mex   interface\_coder_stateDeriv_withGrav_LiamSet_Unified_args_info.c /Fobuild\win64\_coder_stateDeriv_withGrav_LiamSet_Unified_args_info.obj
_coder_stateDeriv_withGrav_LiamSet_Unified_args_info.c
[23/32] cl /c /Zc:__cplusplus /Zp8 /GR /W3 /EHs /nologo /MD /D_CRT_SECURE_NO_DEPRECATE /D_SCL_SECURE_NO_DEPRECATE /D_SECURE_SCL=0   /DMATLAB_MEX_FILE  /DMATLAB_MEX_FILE /O2 /Oy- /DNDEBUG /fp:strict /utf-8 /I "." /I "D:\CM Labs\subTetherVortexMATLAB\codeForMRAC_STParamStudy" /I ".\interface" /I "C:\Program Files\MATLAB\R2024b\extern\include" /I "." -DHAVE_LAPACK_CONFIG_H -DLAPACK_COMPLEX_STRUCTURE -DMW_HAVE_LAPACK_DECLS -DMODEL=stateDeriv_withGrav_LiamSet_Unified_args_mex   sqrt.c /Fobuild\win64\sqrt.obj
sqrt.c
[24/32] cl /c /Zc:__cplusplus /Zp8 /GR /W3 /EHs /nologo /MD /D_CRT_SECURE_NO_DEPRECATE /D_SCL_SECURE_NO_DEPRECATE /D_SECURE_SCL=0   /DMATLAB_MEX_FILE  /DMATLAB_MEX_FILE /O2 /Oy- /DNDEBUG /fp:strict /utf-8 /I "." /I "D:\CM Labs\subTetherVortexMATLAB\codeForMRAC_STParamStudy" /I ".\interface" /I "C:\Program Files\MATLAB\R2024b\extern\include" /I "." -DHAVE_LAPACK_CONFIG_H -DLAPACK_COMPLEX_STRUCTURE -DMW_HAVE_LAPACK_DECLS -DMODEL=stateDeriv_withGrav_LiamSet_Unified_args_mex   "C:\Program Files\MATLAB\R2024b\extern\version\c_mexapi_version.c" /Fobuild\win64\c_mexapi_version.obj
c_mexapi_version.c
[25/32] cl /c /Zc:__cplusplus /Zp8 /GR /W3 /EHs /nologo /MD /D_CRT_SECURE_NO_DEPRECATE /D_SCL_SECURE_NO_DEPRECATE /D_SECURE_SCL=0   /DMATLAB_MEX_FILE  /DMATLAB_MEX_FILE /O2 /Oy- /DNDEBUG /fp:strict /utf-8 /I "." /I "D:\CM Labs\subTetherVortexMATLAB\codeForMRAC_STParamStudy" /I ".\interface" /I "C:\Program Files\MATLAB\R2024b\extern\include" /I "." -DHAVE_LAPACK_CONFIG_H -DLAPACK_COMPLEX_STRUCTURE -DMW_HAVE_LAPACK_DECLS -DMODEL=stateDeriv_withGrav_LiamSet_Unified_args_mex   div.c /Fobuild\win64\div.obj
div.c
[26/32] cl /c /Zc:__cplusplus /Zp8 /GR /W3 /EHs /nologo /MD /D_CRT_SECURE_NO_DEPRECATE /D_SCL_SECURE_NO_DEPRECATE /D_SECURE_SCL=0   /DMATLAB_MEX_FILE  /DMATLAB_MEX_FILE /O2 /Oy- /DNDEBUG /fp:strict /utf-8 /I "." /I "D:\CM Labs\subTetherVortexMATLAB\codeForMRAC_STParamStudy" /I ".\interface" /I "C:\Program Files\MATLAB\R2024b\extern\include" /I "." -DHAVE_LAPACK_CONFIG_H -DLAPACK_COMPLEX_STRUCTURE -DMW_HAVE_LAPACK_DECLS -DMODEL=stateDeriv_withGrav_LiamSet_Unified_args_mex   xdlanv2.c /Fobuild\win64\xdlanv2.obj
xdlanv2.c
[27/32] cl /c /Zc:__cplusplus /Zp8 /GR /W3 /EHs /nologo /MD /D_CRT_SECURE_NO_DEPRECATE /D_SCL_SECURE_NO_DEPRECATE /D_SECURE_SCL=0   /DMATLAB_MEX_FILE  /DMATLAB_MEX_FILE /O2 /Oy- /DNDEBUG /fp:strict /utf-8 /I "." /I "D:\CM Labs\subTetherVortexMATLAB\codeForMRAC_STParamStudy" /I ".\interface" /I "C:\Program Files\MATLAB\R2024b\extern\include" /I "." -DHAVE_LAPACK_CONFIG_H -DLAPACK_COMPLEX_STRUCTURE -DMW_HAVE_LAPACK_DECLS -DMODEL=stateDeriv_withGrav_LiamSet_Unified_args_mex   xzlarf.c /Fobuild\win64\xzlarf.obj
xzlarf.c
[28/32] cl /c /Zc:__cplusplus /Zp8 /GR /W3 /EHs /nologo /MD /D_CRT_SECURE_NO_DEPRECATE /D_SCL_SECURE_NO_DEPRECATE /D_SECURE_SCL=0   /DMATLAB_MEX_FILE  /DMATLAB_MEX_FILE /O2 /Oy- /DNDEBUG /fp:strict /utf-8 /I "." /I "D:\CM Labs\subTetherVortexMATLAB\codeForMRAC_STParamStudy" /I ".\interface" /I "C:\Program Files\MATLAB\R2024b\extern\include" /I "." -DHAVE_LAPACK_CONFIG_H -DLAPACK_COMPLEX_STRUCTURE -DMW_HAVE_LAPACK_DECLS -DMODEL=stateDeriv_withGrav_LiamSet_Unified_args_mex   xzlarfg.c /Fobuild\win64\xzlarfg.obj
xzlarfg.c
[29/32] cl /c /Zc:__cplusplus /Zp8 /GR /W3 /EHs /nologo /MD /D_CRT_SECURE_NO_DEPRECATE /D_SCL_SECURE_NO_DEPRECATE /D_SECURE_SCL=0   /DMATLAB_MEX_FILE  /DMATLAB_MEX_FILE /O2 /Oy- /DNDEBUG /fp:strict /utf-8 /I "." /I "D:\CM Labs\subTetherVortexMATLAB\codeForMRAC_STParamStudy" /I ".\interface" /I "C:\Program Files\MATLAB\R2024b\extern\include" /I "." -DHAVE_LAPACK_CONFIG_H -DLAPACK_COMPLEX_STRUCTURE -DMW_HAVE_LAPACK_DECLS -DMODEL=stateDeriv_withGrav_LiamSet_Unified_args_mex   interface\_coder_stateDeriv_withGrav_LiamSet_Unified_args_api.c /Fobuild\win64\_coder_stateDeriv_withGrav_LiamSet_Unified_args_api.obj
_coder_stateDeriv_withGrav_LiamSet_Unified_args_api.c
[30/32] cl /c /Zc:__cplusplus /Zp8 /GR /W3 /EHs /nologo /MD /D_CRT_SECURE_NO_DEPRECATE /D_SCL_SECURE_NO_DEPRECATE /D_SECURE_SCL=0   /DMATLAB_MEX_FILE  /DMATLAB_MEX_FILE /O2 /Oy- /DNDEBUG /fp:strict /utf-8 /I "." /I "D:\CM Labs\subTetherVortexMATLAB\codeForMRAC_STParamStudy" /I ".\interface" /I "C:\Program Files\MATLAB\R2024b\extern\include" /I "." -DHAVE_LAPACK_CONFIG_H -DLAPACK_COMPLEX_STRUCTURE -DMW_HAVE_LAPACK_DECLS -DMODEL=stateDeriv_withGrav_LiamSet_Unified_args_mex   xhseqr.c /Fobuild\win64\xhseqr.obj
xhseqr.c
[31/32] cl /c /Zc:__cplusplus /Zp8 /GR /W3 /EHs /nologo /MD /D_CRT_SECURE_NO_DEPRECATE /D_SCL_SECURE_NO_DEPRECATE /D_SECURE_SCL=0   /DMATLAB_MEX_FILE  /DMATLAB_MEX_FILE /O2 /Oy- /DNDEBUG /fp:strict /utf-8 /I "." /I "D:\CM Labs\subTetherVortexMATLAB\codeForMRAC_STParamStudy" /I ".\interface" /I "C:\Program Files\MATLAB\R2024b\extern\include" /I "." -DHAVE_LAPACK_CONFIG_H -DLAPACK_COMPLEX_STRUCTURE -DMW_HAVE_LAPACK_DECLS -DMODEL=stateDeriv_withGrav_LiamSet_Unified_args_mex   stateDeriv_withGrav_LiamSet_Unified_args.c /Fobuild\win64\stateDeriv_withGrav_LiamSet_Unified_args.obj
stateDeriv_withGrav_LiamSet_Unified_args.c
[32/32] link @stateDeriv_withGrav_LiamSet_Unified_args_mex.mexw64.rsp  /nologo    /DLL /LIBPATH:"C:\Program Files\MATLAB\R2024b\extern\lib\win64\microsoft" libmx.lib libmex.lib libmat.lib kernel32.lib user32.lib gdi32.lib winspool.lib comdlg32.lib advapi32.lib shell32.lib ole32.lib oleaut32.lib uuid.lib odbc32.lib odbccp32.lib  /out:"stateDeriv_withGrav_LiamSet_Unified_args_mex.mexw64" /LIBPATH:"C:\Program Files\MATLAB\R2024b\extern\lib\win64\microsoft" libmwblas.lib libmwlapack.lib libemlrt.lib libcovrt.lib libut.lib libmwmathutil.lib  /export:mexFunction /export:mexfilerequiredapiversion /export:emlrtMexFcnProperties /export:stateDeriv_withGrav_LiamSet_Unified_args /export:stateDeriv_withGrav_LiamSet_Unified_args_initialize /export:stateDeriv_withGrav_LiamSet_Unified_args_terminate /export:stateDeriv_withGrav_LiamSet_Unified_args_atexit /export:emxEnsureCapacity_boolean_T /export:emxFree_boolean_T /export:emxInit_boolean_T /export:emxEnsureCapacity_real_T /export:emxFree_real_T /export:emxInit_real_T
   Creating library stateDeriv_withGrav_LiamSet_Unified_args_mex.lib and object stateDeriv_withGrav_LiamSet_Unified_args_mex.exp
